CUDA: True Quadro RTX 6000
reference Al9Co2Ni2-coords.txt: 26 atoms, {'Al': 18, 'Ni': 3, 'Co': 5}, volume 360.8 A^3
random start: 26 atoms in a fixed cell, min separation 1.84 A
/home/physics/estzqn/.local/lib/python3.11/site-packages/e3nn/o3/_wigner.py:10: FutureWarning: You are using `torch.load` with `weights_only=False` (the current default value), which uses the default pickle module implicitly. It is possible to construct malicious pickle data which will execute arbitrary code during unpickling (See https://github.com/pytorch/pytorch/blob/main/SECURITY.md#untrusted-models for more details). In a future release, the default value for `weights_only` will be flipped to `True`. This limits the functions that could be executed during unpickling. Arbitrary objects will no longer be allowed to be loaded via this mode unless they are explicitly allowlisted by the user via `torch.serialization.add_safe_globals`. We recommend you start setting `weights_only=True` for any use case where you don't have full control of the loaded file. Please open an issue on GitHub for any issues related to this experimental feature.
  _Jd, _W3j_flat, _W3j_indices = torch.load(os.path.join(os.path.dirname(__file__), 'constants.pt'))
/home/physics/estzqn/.local/lib/python3.11/site-packages/mace/calculators/mace.py:226: FutureWarning: You are using `torch.load` with `weights_only=False` (the current default value), which uses the default pickle module implicitly. It is possible to construct malicious pickle data which will execute arbitrary code during unpickling (See https://github.com/pytorch/pytorch/blob/main/SECURITY.md#untrusted-models for more details). In a future release, the default value for `weights_only` will be flipped to `True`. This limits the functions that could be executed during unpickling. Arbitrary objects will no longer be allowed to be loaded via this mode unless they are explicitly allowlisted by the user via `torch.serialization.add_safe_globals`. We recommend you start setting `weights_only=True` for any use case where you don't have full control of the loaded file. Please open an issue on GitHub for any issues related to this experimental feature.
  torch.load(f=model_path, map_location=device)
WARNING:root:Default dtype float32 does not match model dtype float64, converting models to float32.
cuequivariance or cuequivariance_torch is not available. Cuequivariance acceleration will be disabled.
Using medium MPA-0 model as default MACE-MP model, to use previous (before 3.10) default model please specify 'medium' as model argument
Using Materials Project MACE for MACECalculator with /home/physics/estzqn/.cache/mace/macempa0mediummodel
Using float32 for MACECalculator, which is faster but less accurate. Recommended for MD. Use float64 for geometry optimization.
=== melt-quench: 26 atoms, {'Al': 18, 'Co': 5, 'Ni': 3} ===
    cell [ 12.128   4.051   7.636  90.    105.9    90.   ], density 0.0721 atoms/A^3
    20 stages 2500.0->1000.0 K, 5 loops each (100 total), 1000 MD steps + 4000 swap attempts per loop
melting at 2500.0 K (5000 steps)...
/home/physics/estzqn/.local/lib/python3.11/site-packages/ase/md/langevin.py:102: FutureWarning: The implementation of `fixcm=True` in `Langevin` does not strictly sample the correct NVT distributions. The deviations are typically small for large systems but can be more pronounced for small systems. Use `fixcm=False` together with `ase.constraints.FixCom`. `fixcm` is deprecated since ASE 3.28.0 and will be removed in a future release.
  warnings.warn(msg, FutureWarning)
  T=   2500 K | loop    5 | quenched -4.97141 eV/atom | best -4.97141 | acc 0.059 | 15 min
  T=   2421 K | loop   10 | quenched -4.94304 eV/atom | best -4.97141 | acc 0.053 | 27 min
  T=   2342 K | loop   15 | quenched -4.95230 eV/atom | best -4.97141 | acc 0.057 | 40 min
  T=   2263 K | loop   20 | quenched -4.95681 eV/atom | best -4.97141 | acc 0.052 | 52 min
  T=   2184 K | loop   25 | quenched -5.00258 eV/atom | best -5.00258 | acc 0.044 | 64 min
  T=   2105 K | loop   30 | quenched -5.02392 eV/atom | best -5.02392 | acc 0.034 | 77 min
  T=   2026 K | loop   35 | quenched -5.03825 eV/atom | best -5.03825 | acc 0.034 | 89 min
  T=   1947 K | loop   40 | quenched -5.02343 eV/atom | best -5.03825 | acc 0.028 | 101 min
  T=   1868 K | loop   45 | quenched -5.05984 eV/atom | best -5.05984 | acc 0.027 | 113 min
  T=   1789 K | loop   50 | quenched -5.06472 eV/atom | best -5.06472 | acc 0.025 | 125 min
  T=   1711 K | loop   55 | quenched -5.05090 eV/atom | best -5.06472 | acc 0.026 | 137 min
  T=   1632 K | loop   60 | quenched -5.05843 eV/atom | best -5.06472 | acc 0.028 | 149 min
  T=   1553 K | loop   65 | quenched -5.06284 eV/atom | best -5.06472 | acc 0.021 | 161 min
  T=   1474 K | loop   70 | quenched -5.05633 eV/atom | best -5.06472 | acc 0.020 | 173 min
  T=   1395 K | loop   75 | quenched -5.03895 eV/atom | best -5.06472 | acc 0.021 | 185 min
  T=   1316 K | loop   80 | quenched -5.05346 eV/atom | best -5.06472 | acc 0.021 | 197 min
  T=   1237 K | loop   85 | quenched -5.06603 eV/atom | best -5.06603 | acc 0.020 | 209 min
  T=   1158 K | loop   90 | quenched -5.05110 eV/atom | best -5.06603 | acc 0.016 | 221 min
  T=   1079 K | loop   95 | quenched -5.05844 eV/atom | best -5.06603 | acc 0.016 | 233 min
  T=   1000 K | loop  100 | quenched -5.06240 eV/atom | best -5.06603 | acc 0.015 | 245 min
final tight relax of the best structure...
FINISHED. best energy -5.066047 eV/atom (245 min)
wrote mq_s2_best.vasp, mq_s2_best.xyz, mq_s2_trace.npy
=== validation against the reference structure ===
  reference (relaxed): -5.104819 eV/atom
  melt-quench found:   -5.066047 eV/atom
  difference:          +38.77 meV/atom
  -> higher than the reference: the anneal is stuck. Run more loops, or raise --swaps.
