CUDA: True Quadro RTX 6000
loaded W-AlCoNi-265.vasp: 265 atoms, {'Co': 55, 'Ni': 20, 'Al': 190}, volume 3741.8 A^3
supercell matrix rows [[3, 3, 0], [-2, 2, 0], [0, 0, 1]], det 12: 265 -> 3180 atoms, box [118.91  16.18  23.34  90.02  89.88  90.02]
working cell: 3180 atoms, {'Co': 660, 'Ni': 240, 'Al': 2280}, volume 44901.4 A^3, density 0.0708 atoms/A^3
as-tiled start: positions and species taken from the input
/home/physics/estzqn/.local/lib/python3.11/site-packages/e3nn/o3/_wigner.py:10: FutureWarning: You are using `torch.load` with `weights_only=False` (the current default value), which uses the default pickle module implicitly. It is possible to construct malicious pickle data which will execute arbitrary code during unpickling (See https://github.com/pytorch/pytorch/blob/main/SECURITY.md#untrusted-models for more details). In a future release, the default value for `weights_only` will be flipped to `True`. This limits the functions that could be executed during unpickling. Arbitrary objects will no longer be allowed to be loaded via this mode unless they are explicitly allowlisted by the user via `torch.serialization.add_safe_globals`. We recommend you start setting `weights_only=True` for any use case where you don't have full control of the loaded file. Please open an issue on GitHub for any issues related to this experimental feature.
  _Jd, _W3j_flat, _W3j_indices = torch.load(os.path.join(os.path.dirname(__file__), 'constants.pt'))
/home/physics/estzqn/.local/lib/python3.11/site-packages/mace/calculators/mace.py:226: FutureWarning: You are using `torch.load` with `weights_only=False` (the current default value), which uses the default pickle module implicitly. It is possible to construct malicious pickle data which will execute arbitrary code during unpickling (See https://github.com/pytorch/pytorch/blob/main/SECURITY.md#untrusted-models for more details). In a future release, the default value for `weights_only` will be flipped to `True`. This limits the functions that could be executed during unpickling. Arbitrary objects will no longer be allowed to be loaded via this mode unless they are explicitly allowlisted by the user via `torch.serialization.add_safe_globals`. We recommend you start setting `weights_only=True` for any use case where you don't have full control of the loaded file. Please open an issue on GitHub for any issues related to this experimental feature.
  torch.load(f=model_path, map_location=device)
WARNING:root:Default dtype float32 does not match model dtype float64, converting models to float32.
cuequivariance or cuequivariance_torch is not available. Cuequivariance acceleration will be disabled.
Using medium MPA-0 model as default MACE-MP model, to use previous (before 3.10) default model please specify 'medium' as model argument
Using Materials Project MACE for MACECalculator with /home/physics/estzqn/.cache/mace/macempa0mediummodel
Using float32 for MACECalculator, which is faster but less accurate. Recommended for MD. Use float64 for geometry optimization.
=== fixed-site MC: 3180 atoms on the input site list ===
    species kept AS-TILED from the input file ({'Co': 660, 'Ni': 240, 'Al': 2280})
    start -5.041090 eV/atom
    20 stages 2500.0->1000.0 K, 8000 swap attempts each, positions frozen
  T=   2500 K | -5.036360 eV/atom | best -5.041090 | acc 0.011 | 110 min
  T=   2421 K | -5.033631 eV/atom | best -5.041090 | acc 0.015 | 221 min
  T=   2342 K | -5.032357 eV/atom | best -5.041090 | acc 0.014 | 331 min
  T=   2263 K | -5.031983 eV/atom | best -5.041090 | acc 0.018 | 441 min
  T=   2184 K | -5.031449 eV/atom | best -5.041090 | acc 0.017 | 552 min
  T=   2105 K | -5.031373 eV/atom | best -5.041090 | acc 0.018 | 662 min
  T=   2026 K | -5.031584 eV/atom | best -5.041090 | acc 0.017 | 772 min
  T=   1947 K | -5.032200 eV/atom | best -5.041090 | acc 0.014 | 883 min
  T=   1868 K | -5.032257 eV/atom | best -5.041090 | acc 0.017 | 993 min
  T=   1789 K | -5.032743 eV/atom | best -5.041090 | acc 0.014 | 1103 min
  T=   1711 K | -5.032589 eV/atom | best -5.041090 | acc 0.013 | 1214 min
  T=   1632 K | -5.031678 eV/atom | best -5.041090 | acc 0.014 | 1324 min
  T=   1553 K | -5.032365 eV/atom | best -5.041090 | acc 0.013 | 1434 min
slurmstepd: error: *** JOB 2145223 ON gpu006 CANCELLED AT 2026-08-06T18:13:46 DUE TO TIME LIMIT ***
