CUDA: True Quadro RTX 6000
reference Al9Co2Ni2-coords.txt: 26 atoms, {'Al': 18, 'Ni': 3, 'Co': 5}, volume 360.8 A^3
random start: 26 atoms in a fixed cell, min separation 2.00 A
/home/physics/estzqn/.local/lib/python3.11/site-packages/e3nn/o3/_wigner.py:10: FutureWarning: You are using `torch.load` with `weights_only=False` (the current default value), which uses the default pickle module implicitly. It is possible to construct malicious pickle data which will execute arbitrary code during unpickling (See https://github.com/pytorch/pytorch/blob/main/SECURITY.md#untrusted-models for more details). In a future release, the default value for `weights_only` will be flipped to `True`. This limits the functions that could be executed during unpickling. Arbitrary objects will no longer be allowed to be loaded via this mode unless they are explicitly allowlisted by the user via `torch.serialization.add_safe_globals`. We recommend you start setting `weights_only=True` for any use case where you don't have full control of the loaded file. Please open an issue on GitHub for any issues related to this experimental feature.
  _Jd, _W3j_flat, _W3j_indices = torch.load(os.path.join(os.path.dirname(__file__), 'constants.pt'))
/home/physics/estzqn/.local/lib/python3.11/site-packages/mace/calculators/mace.py:226: FutureWarning: You are using `torch.load` with `weights_only=False` (the current default value), which uses the default pickle module implicitly. It is possible to construct malicious pickle data which will execute arbitrary code during unpickling (See https://github.com/pytorch/pytorch/blob/main/SECURITY.md#untrusted-models for more details). In a future release, the default value for `weights_only` will be flipped to `True`. This limits the functions that could be executed during unpickling. Arbitrary objects will no longer be allowed to be loaded via this mode unless they are explicitly allowlisted by the user via `torch.serialization.add_safe_globals`. We recommend you start setting `weights_only=True` for any use case where you don't have full control of the loaded file. Please open an issue on GitHub for any issues related to this experimental feature.
  torch.load(f=model_path, map_location=device)
WARNING:root:Default dtype float32 does not match model dtype float64, converting models to float32.
cuequivariance or cuequivariance_torch is not available. Cuequivariance acceleration will be disabled.
Using medium MPA-0 model as default MACE-MP model, to use previous (before 3.10) default model please specify 'medium' as model argument
Using Materials Project MACE for MACECalculator with /home/physics/estzqn/.cache/mace/macempa0mediummodel
Using float32 for MACECalculator, which is faster but less accurate. Recommended for MD. Use float64 for geometry optimization.
=== replica exchange: 26 atoms, 8 replicas ===
    ladder (K): [1000. 1140. 1299. 1481. 1688. 1924. 2193. 2500.]
    50 cycles x (1000 MD + 2000 swaps) per replica = 1,200,000 evaluations
melting at 2500.0 K (2000 steps)...
/home/physics/estzqn/.local/lib/python3.11/site-packages/ase/md/langevin.py:102: FutureWarning: The implementation of `fixcm=True` in `Langevin` does not strictly sample the correct NVT distributions. The deviations are typically small for large systems but can be more pronounced for small systems. Use `fixcm=False` together with `ase.constraints.FixCom`. `fixcm` is deprecated since ASE 3.28.0 and will be removed in a future release.
  warnings.warn(msg, FutureWarning)
  cycle    5 | coldest quenched -5.003767 eV/atom | best -5.003767 | exch 0.444 | 58 min
  cycle   10 | coldest quenched -4.975445 eV/atom | best -5.003767 | exch 0.514 | 116 min
  cycle   15 | coldest quenched -4.975753 eV/atom | best -5.003767 | exch 0.566 | 174 min
  cycle   20 | coldest quenched -5.048491 eV/atom | best -5.048491 | exch 0.600 | 232 min
  cycle   25 | coldest quenched -5.045733 eV/atom | best -5.048491 | exch 0.568 | 290 min
  cycle   30 | coldest quenched -5.034238 eV/atom | best -5.048491 | exch 0.543 | 347 min
  cycle   35 | coldest quenched -5.048712 eV/atom | best -5.048712 | exch 0.545 | 405 min
  cycle   40 | coldest quenched -5.040763 eV/atom | best -5.048712 | exch 0.543 | 463 min
  cycle   45 | coldest quenched -5.035035 eV/atom | best -5.048712 | exch 0.544 | 521 min
  cycle   50 | coldest quenched -5.046096 eV/atom | best -5.048712 | exch 0.531 | 579 min
final tight relax of the best structure...
FINISHED. best energy -5.048721 eV/atom (579 min, exchange acceptance 0.531)
=== validation against the reference structure ===
  reference (relaxed): -5.104818 eV/atom
  melt-quench found:   -5.048721 eV/atom
  difference:          +56.10 meV/atom
  -> higher than the reference: the anneal is stuck. Run more loops, or raise --swaps.
